<?xml version="1.0"?>
<link_info>
   <banner>TI ARM Linker Unix v5.2.6</banner>
   <copyright>Copyright (c) 1996-2015 Texas Instruments Incorporated</copyright>
   <link_time>0x591e2cec</link_time>
   <link_errors>0x0</link_errors>
   <output_file>n108.out</output_file>
   <entry_point>
      <name>_c_int00</name>
      <address>0x9a55</address>
   </entry_point>
   <input_file_list>
      <input_file id="fl-2">
         <path>./</path>
         <kind>object</kind>
         <file>DemoMain.obj</file>
         <name>DemoMain.obj</name>
      </input_file>
      <input_file id="fl-3">
         <path>./</path>
         <kind>object</kind>
         <file>FileSystemTest.obj</file>
         <name>FileSystemTest.obj</name>
      </input_file>
      <input_file id="fl-4">
         <path>./</path>
         <kind>object</kind>
         <file>OSLauncher.obj</file>
         <name>OSLauncher.obj</name>
      </input_file>
      <input_file id="fl-5">
         <path>./</path>
         <kind>object</kind>
         <file>main.obj</file>
         <name>main.obj</name>
      </input_file>
      <input_file id="fl-6">
         <path>./</path>
         <kind>object</kind>
         <file>tm4c123ge6pm_startup_ccs.obj</file>
         <name>tm4c123ge6pm_startup_ccs.obj</name>
      </input_file>
      <input_file id="fl-7">
         <path>../driverlib/ccs-cm4f/Debug/</path>
         <kind>object</kind>
         <file>adc.obj</file>
         <name>adc.obj</name>
      </input_file>
      <input_file id="fl-8">
         <path>../driverlib/ccs-cm4f/Debug/</path>
         <kind>object</kind>
         <file>can.obj</file>
         <name>can.obj</name>
      </input_file>
      <input_file id="fl-9">
         <path>../driverlib/ccs-cm4f/Debug/</path>
         <kind>object</kind>
         <file>comp.obj</file>
         <name>comp.obj</name>
      </input_file>
      <input_file id="fl-a">
         <path>../driverlib/ccs-cm4f/Debug/</path>
         <kind>object</kind>
         <file>cpu.obj</file>
         <name>cpu.obj</name>
      </input_file>
      <input_file id="fl-b">
         <path>../driverlib/ccs-cm4f/Debug/</path>
         <kind>object</kind>
         <file>eeprom.obj</file>
         <name>eeprom.obj</name>
      </input_file>
      <input_file id="fl-c">
         <path>../driverlib/ccs-cm4f/Debug/</path>
         <kind>object</kind>
         <file>epi.obj</file>
         <name>epi.obj</name>
      </input_file>
      <input_file id="fl-d">
         <path>../driverlib/ccs-cm4f/Debug/</path>
         <kind>object</kind>
         <file>ethernet.obj</file>
         <name>ethernet.obj</name>
      </input_file>
      <input_file id="fl-e">
         <path>../driverlib/ccs-cm4f/Debug/</path>
         <kind>object</kind>
         <file>fan.obj</file>
         <name>fan.obj</name>
      </input_file>
      <input_file id="fl-f">
         <path>../driverlib/ccs-cm4f/Debug/</path>
         <kind>object</kind>
         <file>flash.obj</file>
         <name>flash.obj</name>
      </input_file>
      <input_file id="fl-10">
         <path>../driverlib/ccs-cm4f/Debug/</path>
         <kind>object</kind>
         <file>fpu.obj</file>
         <name>fpu.obj</name>
      </input_file>
      <input_file id="fl-11">
         <path>../driverlib/ccs-cm4f/Debug/</path>
         <kind>object</kind>
         <file>gpio.obj</file>
         <name>gpio.obj</name>
      </input_file>
      <input_file id="fl-12">
         <path>../driverlib/ccs-cm4f/Debug/</path>
         <kind>object</kind>
         <file>hibernate.obj</file>
         <name>hibernate.obj</name>
      </input_file>
      <input_file id="fl-13">
         <path>../driverlib/ccs-cm4f/Debug/</path>
         <kind>object</kind>
         <file>i2c.obj</file>
         <name>i2c.obj</name>
      </input_file>
      <input_file id="fl-14">
         <path>../driverlib/ccs-cm4f/Debug/</path>
         <kind>object</kind>
         <file>i2s.obj</file>
         <name>i2s.obj</name>
      </input_file>
      <input_file id="fl-15">
         <path>../driverlib/ccs-cm4f/Debug/</path>
         <kind>object</kind>
         <file>interrupt.obj</file>
         <name>interrupt.obj</name>
      </input_file>
      <input_file id="fl-16">
         <path>../driverlib/ccs-cm4f/Debug/</path>
         <kind>object</kind>
         <file>lpc.obj</file>
         <name>lpc.obj</name>
      </input_file>
      <input_file id="fl-17">
         <path>../driverlib/ccs-cm4f/Debug/</path>
         <kind>object</kind>
         <file>mpu.obj</file>
         <name>mpu.obj</name>
      </input_file>
      <input_file id="fl-18">
         <path>../driverlib/ccs-cm4f/Debug/</path>
         <kind>object</kind>
         <file>peci.obj</file>
         <name>peci.obj</name>
      </input_file>
      <input_file id="fl-19">
         <path>../driverlib/ccs-cm4f/Debug/</path>
         <kind>object</kind>
         <file>pwm.obj</file>
         <name>pwm.obj</name>
      </input_file>
      <input_file id="fl-1a">
         <path>../driverlib/ccs-cm4f/Debug/</path>
         <kind>object</kind>
         <file>qei.obj</file>
         <name>qei.obj</name>
      </input_file>
      <input_file id="fl-1b">
         <path>../driverlib/ccs-cm4f/Debug/</path>
         <kind>object</kind>
         <file>ssi.obj</file>
         <name>ssi.obj</name>
      </input_file>
      <input_file id="fl-1c">
         <path>../driverlib/ccs-cm4f/Debug/</path>
         <kind>object</kind>
         <file>sysctl.obj</file>
         <name>sysctl.obj</name>
      </input_file>
      <input_file id="fl-1d">
         <path>../driverlib/ccs-cm4f/Debug/</path>
         <kind>object</kind>
         <file>sysexc.obj</file>
         <name>sysexc.obj</name>
      </input_file>
      <input_file id="fl-1e">
         <path>../driverlib/ccs-cm4f/Debug/</path>
         <kind>object</kind>
         <file>systick.obj</file>
         <name>systick.obj</name>
      </input_file>
      <input_file id="fl-1f">
         <path>../driverlib/ccs-cm4f/Debug/</path>
         <kind>object</kind>
         <file>timer.obj</file>
         <name>timer.obj</name>
      </input_file>
      <input_file id="fl-20">
         <path>../driverlib/ccs-cm4f/Debug/</path>
         <kind>object</kind>
         <file>uart.obj</file>
         <name>uart.obj</name>
      </input_file>
      <input_file id="fl-21">
         <path>../driverlib/ccs-cm4f/Debug/</path>
         <kind>object</kind>
         <file>udma.obj</file>
         <name>udma.obj</name>
      </input_file>
      <input_file id="fl-22">
         <path>../driverlib/ccs-cm4f/Debug/</path>
         <kind>object</kind>
         <file>usb.obj</file>
         <name>usb.obj</name>
      </input_file>
      <input_file id="fl-23">
         <path>../driverlib/ccs-cm4f/Debug/</path>
         <kind>object</kind>
         <file>watchdog.obj</file>
         <name>watchdog.obj</name>
      </input_file>
      <input_file id="fl-24">
         <path>./Venkatware/</path>
         <kind>object</kind>
         <file>PID_stm32.obj</file>
         <name>PID_stm32.obj</name>
      </input_file>
      <input_file id="fl-25">
         <path>./Venkatware/</path>
         <kind>object</kind>
         <file>aVenkatware.obj</file>
         <name>aVenkatware.obj</name>
      </input_file>
      <input_file id="fl-26">
         <path>./Venkatware/</path>
         <kind>object</kind>
         <file>fft.obj</file>
         <name>fft.obj</name>
      </input_file>
      <input_file id="fl-27">
         <path>./Venkatware/</path>
         <kind>object</kind>
         <file>venkatlib.obj</file>
         <name>venkatlib.obj</name>
      </input_file>
      <input_file id="fl-28">
         <path>./Shell/</path>
         <kind>object</kind>
         <file>Shell.obj</file>
         <name>Shell.obj</name>
      </input_file>
      <input_file id="fl-29">
         <path>./OS_FileSys/</path>
         <kind>object</kind>
         <file>OS_FileSystemScheme.obj</file>
         <name>OS_FileSystemScheme.obj</name>
      </input_file>
      <input_file id="fl-2a">
         <path>./OS_FileSys/</path>
         <kind>object</kind>
         <file>diskio.obj</file>
         <name>diskio.obj</name>
      </input_file>
      <input_file id="fl-2b">
         <path>./OS_FileSys/</path>
         <kind>object</kind>
         <file>ff.obj</file>
         <name>ff.obj</name>
      </input_file>
      <input_file id="fl-2c">
         <path>./OS_Critical/</path>
         <kind>object</kind>
         <file>OS.obj</file>
         <name>OS.obj</name>
      </input_file>
      <input_file id="fl-2d">
         <path>./OS_Critical/</path>
         <kind>object</kind>
         <file>aOS.obj</file>
         <name>aOS.obj</name>
      </input_file>
      <input_file id="fl-2e">
         <path>./OS_Critical/TimedTaskManager/Timer1Driver/</path>
         <kind>object</kind>
         <file>SystemTimer.obj</file>
         <name>SystemTimer.obj</name>
      </input_file>
      <input_file id="fl-2f">
         <path>./OS_Critical/TimedTaskManager/</path>
         <kind>object</kind>
         <file>OS_SleepManager.obj</file>
         <name>OS_SleepManager.obj</name>
      </input_file>
      <input_file id="fl-30">
         <path>./OS_Critical/ProcessLoaderManager/</path>
         <kind>object</kind>
         <file>loader.obj</file>
         <name>loader.obj</name>
      </input_file>
      <input_file id="fl-31">
         <path>./OS_Critical/PriorityManager/</path>
         <kind>object</kind>
         <file>OS_Priority.obj</file>
         <name>OS_Priority.obj</name>
      </input_file>
      <input_file id="fl-32">
         <path>./OS_Critical/PriorityManager/OS_LinkedList/</path>
         <kind>object</kind>
         <file>OS_LinkedList.obj</file>
         <name>OS_LinkedList.obj</name>
      </input_file>
      <input_file id="fl-33">
         <path>./OS_Critical/MutualExclusionManager/</path>
         <kind>object</kind>
         <file>OS_Semaphore.obj</file>
         <name>OS_Semaphore.obj</name>
      </input_file>
      <input_file id="fl-34">
         <path>./OS_Critical/MemoryManager/</path>
         <kind>object</kind>
         <file>OS_Allocation.obj</file>
         <name>OS_Allocation.obj</name>
      </input_file>
      <input_file id="fl-35">
         <path>./OS_Critical/MemoryManager/</path>
         <kind>object</kind>
         <file>heap.obj</file>
         <name>heap.obj</name>
      </input_file>
      <input_file id="fl-36">
         <path>./OS_Critical/HardwareManager/UARTDriver/</path>
         <kind>object</kind>
         <file>UART.obj</file>
         <name>UART.obj</name>
      </input_file>
      <input_file id="fl-37">
         <path>./OS_Critical/HardwareManager/SystemOscillatorDriver/</path>
         <kind>object</kind>
         <file>PLL.obj</file>
         <name>PLL.obj</name>
      </input_file>
      <input_file id="fl-38">
         <path>./OS_Critical/HardwareManager/</path>
         <kind>object</kind>
         <file>OS_Hardware.obj</file>
         <name>OS_Hardware.obj</name>
      </input_file>
      <input_file id="fl-39">
         <path>./OS_Critical/HardwareManager/LEDDriver/</path>
         <kind>object</kind>
         <file>LED.obj</file>
         <name>LED.obj</name>
      </input_file>
      <input_file id="fl-3a">
         <path>./OS_Critical/HardwareManager/LCDDriver/</path>
         <kind>object</kind>
         <file>ST7735.obj</file>
         <name>ST7735.obj</name>
      </input_file>
      <input_file id="fl-3b">
         <path>./OS_Critical/HardwareManager/LCDDriver/</path>
         <kind>object</kind>
         <file>ST7735x.obj</file>
         <name>ST7735x.obj</name>
      </input_file>
      <input_file id="fl-3c">
         <path>./OS_Critical/HardwareManager/ADCDriver/</path>
         <kind>object</kind>
         <file>ADC.obj</file>
         <name>ADC.obj</name>
      </input_file>
      <input_file id="fl-3d">
         <path>./OS_Critical/HardwareManager/ADCDriver/</path>
         <kind>object</kind>
         <file>ADCT0ATrigger.obj</file>
         <name>ADCT0ATrigger.obj</name>
      </input_file>
      <input_file id="fl-3e">
         <path>./OS_Critical/EvaluationManager/</path>
         <kind>object</kind>
         <file>Jitter.obj</file>
         <name>Jitter.obj</name>
      </input_file>
      <input_file id="fl-3f">
         <path>./OS_Critical/CommunicationManager/</path>
         <kind>object</kind>
         <file>OS_Communication.obj</file>
         <name>OS_Communication.obj</name>
      </input_file>
      <input_file id="fl-40">
         <path>./OS_Critical/BackgroundThreadManager/Timer3Driver/</path>
         <kind>object</kind>
         <file>Timer3.obj</file>
         <name>Timer3.obj</name>
      </input_file>
      <input_file id="fl-41">
         <path>./OS_Critical/BackgroundThreadManager/Timer2Driver/</path>
         <kind>object</kind>
         <file>Timer2.obj</file>
         <name>Timer2.obj</name>
      </input_file>
      <input_file id="fl-42">
         <path>./OS_Critical/BackgroundThreadManager/PortFDriver/</path>
         <kind>object</kind>
         <file>PortF_Edge.obj</file>
         <name>PortF_Edge.obj</name>
      </input_file>
      <input_file id="fl-43">
         <path>./OS_Critical/BackgroundThreadManager/</path>
         <kind>object</kind>
         <file>OS_BackgroundThread.obj</file>
         <name>OS_BackgroundThread.obj</name>
      </input_file>
      <input_file id="fl-16d">
         <path>/Applications/ti/ccsv6/tools/compiler/ti-cgt-arm_5.2.6/lib/</path>
         <kind>archive</kind>
         <file>rtsv7M4_T_le_v4SPD16_eabi.lib</file>
         <name>boot.obj</name>
      </input_file>
      <input_file id="fl-16e">
         <path>/Applications/ti/ccsv6/tools/compiler/ti-cgt-arm_5.2.6/lib/</path>
         <kind>archive</kind>
         <file>rtsv7M4_T_le_v4SPD16_eabi.lib</file>
         <name>copy_decompress_none.obj</name>
      </input_file>
      <input_file id="fl-16f">
         <path>/Applications/ti/ccsv6/tools/compiler/ti-cgt-arm_5.2.6/lib/</path>
         <kind>archive</kind>
         <file>rtsv7M4_T_le_v4SPD16_eabi.lib</file>
         <name>copy_decompress_rle.obj</name>
      </input_file>
      <input_file id="fl-170">
         <path>/Applications/ti/ccsv6/tools/compiler/ti-cgt-arm_5.2.6/lib/</path>
         <kind>archive</kind>
         <file>rtsv7M4_T_le_v4SPD16_eabi.lib</file>
         <name>copy_zero_init.obj</name>
      </input_file>
      <input_file id="fl-171">
         <path>/Applications/ti/ccsv6/tools/compiler/ti-cgt-arm_5.2.6/lib/</path>
         <kind>archive</kind>
         <file>rtsv7M4_T_le_v4SPD16_eabi.lib</file>
         <name>exit.obj</name>
      </input_file>
      <input_file id="fl-172">
         <path>/Applications/ti/ccsv6/tools/compiler/ti-cgt-arm_5.2.6/lib/</path>
         <kind>archive</kind>
         <file>rtsv7M4_T_le_v4SPD16_eabi.lib</file>
         <name>ll_mul_t2.obj</name>
      </input_file>
      <input_file id="fl-173">
         <path>/Applications/ti/ccsv6/tools/compiler/ti-cgt-arm_5.2.6/lib/</path>
         <kind>archive</kind>
         <file>rtsv7M4_T_le_v4SPD16_eabi.lib</file>
         <name>memcpy_t2.obj</name>
      </input_file>
      <input_file id="fl-174">
         <path>/Applications/ti/ccsv6/tools/compiler/ti-cgt-arm_5.2.6/lib/</path>
         <kind>archive</kind>
         <file>rtsv7M4_T_le_v4SPD16_eabi.lib</file>
         <name>memory.obj</name>
      </input_file>
      <input_file id="fl-175">
         <path>/Applications/ti/ccsv6/tools/compiler/ti-cgt-arm_5.2.6/lib/</path>
         <kind>archive</kind>
         <file>rtsv7M4_T_le_v4SPD16_eabi.lib</file>
         <name>memset_t2.obj</name>
      </input_file>
      <input_file id="fl-176">
         <path>/Applications/ti/ccsv6/tools/compiler/ti-cgt-arm_5.2.6/lib/</path>
         <kind>archive</kind>
         <file>rtsv7M4_T_le_v4SPD16_eabi.lib</file>
         <name>pre_init.obj</name>
      </input_file>
      <input_file id="fl-177">
         <path>/Applications/ti/ccsv6/tools/compiler/ti-cgt-arm_5.2.6/lib/</path>
         <kind>archive</kind>
         <file>rtsv7M4_T_le_v4SPD16_eabi.lib</file>
         <name>stkdepth_vars.obj</name>
      </input_file>
      <input_file id="fl-178">
         <path>/Applications/ti/ccsv6/tools/compiler/ti-cgt-arm_5.2.6/lib/</path>
         <kind>archive</kind>
         <file>rtsv7M4_T_le_v4SPD16_eabi.lib</file>
         <name>strcmp.obj</name>
      </input_file>
      <input_file id="fl-179">
         <path>/Applications/ti/ccsv6/tools/compiler/ti-cgt-arm_5.2.6/lib/</path>
         <kind>archive</kind>
         <file>rtsv7M4_T_le_v4SPD16_eabi.lib</file>
         <name>strcpy.obj</name>
      </input_file>
      <input_file id="fl-17a">
         <path>/Applications/ti/ccsv6/tools/compiler/ti-cgt-arm_5.2.6/lib/</path>
         <kind>archive</kind>
         <file>rtsv7M4_T_le_v4SPD16_eabi.lib</file>
         <name>strlen.obj</name>
      </input_file>
      <input_file id="fl-17b">
         <path>/Applications/ti/ccsv6/tools/compiler/ti-cgt-arm_5.2.6/lib/</path>
         <kind>archive</kind>
         <file>rtsv7M4_T_le_v4SPD16_eabi.lib</file>
         <name>strtok.obj</name>
      </input_file>
      <input_file id="fl-17c">
         <path>/Applications/ti/ccsv6/tools/compiler/ti-cgt-arm_5.2.6/lib/</path>
         <kind>archive</kind>
         <file>rtsv7M4_T_le_v4SPD16_eabi.lib</file>
         <name>ull_div_t2.obj</name>
      </input_file>
      <input_file id="fl-17d">
         <path>/Applications/ti/ccsv6/tools/compiler/ti-cgt-arm_5.2.6/lib/</path>
         <kind>archive</kind>
         <file>rtsv7M4_T_le_v4SPD16_eabi.lib</file>
         <name>_lock.obj</name>
      </input_file>
      <input_file id="fl-17e">
         <path>/Applications/ti/ccsv6/tools/compiler/ti-cgt-arm_5.2.6/lib/</path>
         <kind>archive</kind>
         <file>rtsv7M4_T_le_v4SPD16_eabi.lib</file>
         <name>args_main.obj</name>
      </input_file>
      <input_file id="fl-17f">
         <path>/Applications/ti/ccsv6/tools/compiler/ti-cgt-arm_5.2.6/lib/</path>
         <kind>archive</kind>
         <file>rtsv7M4_T_le_v4SPD16_eabi.lib</file>
         <name>autoinit.obj</name>
      </input_file>
      <input_file id="fl-180">
         <path>/Applications/ti/ccsv6/tools/compiler/ti-cgt-arm_5.2.6/lib/</path>
         <kind>archive</kind>
         <file>rtsv7M4_T_le_v4SPD16_eabi.lib</file>
         <name>cpy_tbl.obj</name>
      </input_file>
      <input_file id="fl-181">
         <path>/Applications/ti/ccsv6/tools/compiler/ti-cgt-arm_5.2.6/lib/</path>
         <kind>archive</kind>
         <file>rtsv7M4_T_le_v4SPD16_eabi.lib</file>
         <name>strcspn.obj</name>
      </input_file>
      <input_file id="fl-182">
         <path>/Applications/ti/ccsv6/tools/compiler/ti-cgt-arm_5.2.6/lib/</path>
         <kind>archive</kind>
         <file>rtsv7M4_T_le_v4SPD16_eabi.lib</file>
         <name>strspn.obj</name>
      </input_file>
   </input_file_list>
   <object_component_list>
      <object_component id="oc-f">
         <name>.intvecs</name>
         <load_address>0x0</load_address>
         <run_address>0x0</run_address>
         <size>0x26c</size>
         <input_file_ref idref="fl-6"/>
      </object_component>
      <object_component id="oc-206">
         <name>.text</name>
         <load_address>0x26c</load_address>
         <run_address>0x26c</run_address>
         <size>0x3968</size>
         <input_file_ref idref="fl-2b"/>
      </object_component>
      <object_component id="oc-219">
         <name>.text</name>
         <load_address>0x3bd4</load_address>
         <run_address>0x3bd4</run_address>
         <size>0x14d0</size>
         <input_file_ref idref="fl-3a"/>
      </object_component>
      <object_component id="oc-18f">
         <name>.text</name>
         <load_address>0x50a4</load_address>
         <run_address>0x50a4</run_address>
         <size>0xeb8</size>
         <input_file_ref idref="fl-30"/>
      </object_component>
      <object_component id="oc-5c">
         <name>.text</name>
         <load_address>0x5f5c</load_address>
         <run_address>0x5f5c</run_address>
         <size>0xb6c</size>
         <input_file_ref idref="fl-2a"/>
      </object_component>
      <object_component id="oc-b5">
         <name>.text</name>
         <load_address>0x6ac8</load_address>
         <run_address>0x6ac8</run_address>
         <size>0x5f8</size>
         <input_file_ref idref="fl-2c"/>
      </object_component>
      <object_component id="oc-38">
         <name>.text</name>
         <load_address>0x70c0</load_address>
         <run_address>0x70c0</run_address>
         <size>0x558</size>
         <input_file_ref idref="fl-36"/>
      </object_component>
      <object_component id="oc-16b">
         <name>.text</name>
         <load_address>0x7618</load_address>
         <run_address>0x7618</run_address>
         <size>0x4c0</size>
         <input_file_ref idref="fl-35"/>
      </object_component>
      <object_component id="oc-3e">
         <name>.text</name>
         <load_address>0x7ad8</load_address>
         <run_address>0x7ad8</run_address>
         <size>0x468</size>
         <input_file_ref idref="fl-3c"/>
      </object_component>
      <object_component id="oc-279">
         <name>.text</name>
         <load_address>0x7f40</load_address>
         <run_address>0x7f40</run_address>
         <size>0x3dc</size>
         <input_file_ref idref="fl-174"/>
      </object_component>
      <object_component id="oc-1cf">
         <name>.text</name>
         <load_address>0x831c</load_address>
         <run_address>0x831c</run_address>
         <size>0x398</size>
         <input_file_ref idref="fl-28"/>
      </object_component>
      <object_component id="oc-af">
         <name>.text</name>
         <load_address>0x86b4</load_address>
         <run_address>0x86b4</run_address>
         <size>0x244</size>
         <input_file_ref idref="fl-31"/>
      </object_component>
      <object_component id="oc-18a">
         <name>.text</name>
         <load_address>0x88f8</load_address>
         <run_address>0x88f8</run_address>
         <size>0x1f4</size>
         <input_file_ref idref="fl-17c"/>
      </object_component>
      <object_component id="oc-181">
         <name>.text</name>
         <load_address>0x8aec</load_address>
         <run_address>0x8aec</run_address>
         <size>0x178</size>
         <input_file_ref idref="fl-38"/>
      </object_component>
      <object_component id="oc-165">
         <name>.text</name>
         <load_address>0x8c64</load_address>
         <run_address>0x8c64</run_address>
         <size>0x176</size>
         <input_file_ref idref="fl-32"/>
      </object_component>
      <object_component id="oc-50">
         <name>.text</name>
         <load_address>0x8ddc</load_address>
         <run_address>0x8ddc</run_address>
         <size>0x154</size>
         <input_file_ref idref="fl-42"/>
      </object_component>
      <object_component id="oc-bc">
         <name>.text</name>
         <load_address>0x8f30</load_address>
         <run_address>0x8f30</run_address>
         <size>0x120</size>
         <input_file_ref idref="fl-33"/>
      </object_component>
      <object_component id="oc-2d">
         <name>.text</name>
         <load_address>0x9050</load_address>
         <run_address>0x9050</run_address>
         <size>0x112</size>
         <input_file_ref idref="fl-6"/>
      </object_component>
      <object_component id="oc-e3">
         <name>.text</name>
         <load_address>0x9164</load_address>
         <run_address>0x9164</run_address>
         <size>0xf8</size>
         <input_file_ref idref="fl-2f"/>
      </object_component>
      <object_component id="oc-44">
         <name>.text</name>
         <load_address>0x925c</load_address>
         <run_address>0x925c</run_address>
         <size>0xec</size>
         <input_file_ref idref="fl-2e"/>
      </object_component>
      <object_component id="oc-33">
         <name>.text</name>
         <load_address>0x9348</load_address>
         <run_address>0x9348</run_address>
         <size>0xe4</size>
         <input_file_ref idref="fl-2d"/>
      </object_component>
      <object_component id="oc-1c9">
         <name>.text</name>
         <load_address>0x942c</load_address>
         <run_address>0x942c</run_address>
         <size>0xc4</size>
         <input_file_ref idref="fl-43"/>
      </object_component>
      <object_component id="oc-4a">
         <name>.text</name>
         <load_address>0x94f0</load_address>
         <run_address>0x94f0</run_address>
         <size>0xa8</size>
         <input_file_ref idref="fl-41"/>
      </object_component>
      <object_component id="oc-56">
         <name>.text</name>
         <load_address>0x9598</load_address>
         <run_address>0x9598</run_address>
         <size>0xa4</size>
         <input_file_ref idref="fl-40"/>
      </object_component>
      <object_component id="oc-65">
         <name>.text</name>
         <load_address>0x963c</load_address>
         <run_address>0x963c</run_address>
         <size>0x9c</size>
         <input_file_ref idref="fl-173"/>
      </object_component>
      <object_component id="oc-d6">
         <name>.text</name>
         <load_address>0x96d8</load_address>
         <run_address>0x96d8</run_address>
         <size>0x9c</size>
         <input_file_ref idref="fl-27"/>
      </object_component>
      <object_component id="oc-213">
         <name>.text</name>
         <load_address>0x9774</load_address>
         <run_address>0x9774</run_address>
         <size>0x88</size>
         <input_file_ref idref="fl-37"/>
      </object_component>
      <object_component id="oc-175">
         <name>.text</name>
         <load_address>0x97fc</load_address>
         <run_address>0x97fc</run_address>
         <size>0x84</size>
         <input_file_ref idref="fl-34"/>
      </object_component>
      <object_component id="oc-225">
         <name>.text</name>
         <load_address>0x9880</load_address>
         <run_address>0x9880</run_address>
         <size>0x80</size>
         <input_file_ref idref="fl-3b"/>
      </object_component>
      <object_component id="oc-7e">
         <name>.text</name>
         <load_address>0x9900</load_address>
         <run_address>0x9900</run_address>
         <size>0x7a</size>
         <input_file_ref idref="fl-175"/>
      </object_component>
      <object_component id="oc-90">
         <name>.text</name>
         <load_address>0x997c</load_address>
         <run_address>0x997c</run_address>
         <size>0x6c</size>
         <input_file_ref idref="fl-17f"/>
      </object_component>
      <object_component id="oc-71">
         <name>.text</name>
         <load_address>0x99e8</load_address>
         <run_address>0x99e8</run_address>
         <size>0x6a</size>
         <input_file_ref idref="fl-16f"/>
      </object_component>
      <object_component id="oc-24">
         <name>.text</name>
         <load_address>0x9a54</load_address>
         <run_address>0x9a54</run_address>
         <size>0x50</size>
         <input_file_ref idref="fl-16d"/>
      </object_component>
      <object_component id="oc-12d">
         <name>.text</name>
         <load_address>0x9aa4</load_address>
         <run_address>0x9aa4</run_address>
         <size>0x4c</size>
         <input_file_ref idref="fl-180"/>
      </object_component>
      <object_component id="oc-17b">
         <name>.text</name>
         <load_address>0x9af0</load_address>
         <run_address>0x9af0</run_address>
         <size>0x44</size>
         <input_file_ref idref="fl-29"/>
      </object_component>
      <object_component id="oc-9c">
         <name>.text</name>
         <load_address>0x9b34</load_address>
         <run_address>0x9b34</run_address>
         <size>0x44</size>
         <input_file_ref idref="fl-171"/>
      </object_component>
      <object_component id="oc-26d">
         <name>.text</name>
         <load_address>0x9b78</load_address>
         <run_address>0x9b78</run_address>
         <size>0x40</size>
         <input_file_ref idref="fl-17b"/>
      </object_component>
      <object_component id="oc-135">
         <name>.text</name>
         <load_address>0x9bb8</load_address>
         <run_address>0x9bb8</run_address>
         <size>0x3c</size>
         <input_file_ref idref="fl-4"/>
      </object_component>
      <object_component id="oc-301">
         <name>.text</name>
         <load_address>0x9bf4</load_address>
         <run_address>0x9bf4</run_address>
         <size>0x2a</size>
         <input_file_ref idref="fl-182"/>
      </object_component>
      <object_component id="oc-307">
         <name>.text</name>
         <load_address>0x9c1e</load_address>
         <run_address>0x9c1e</run_address>
         <size>0x24</size>
         <input_file_ref idref="fl-181"/>
      </object_component>
      <object_component id="oc-21f">
         <name>.text</name>
         <load_address>0x9c44</load_address>
         <run_address>0x9c44</run_address>
         <size>0x20</size>
         <input_file_ref idref="fl-39"/>
      </object_component>
      <object_component id="oc-96">
         <name>.text</name>
         <load_address>0x9c64</load_address>
         <run_address>0x9c64</run_address>
         <size>0x18</size>
         <input_file_ref idref="fl-17e"/>
      </object_component>
      <object_component id="oc-e9">
         <name>.text</name>
         <load_address>0x9c7c</load_address>
         <run_address>0x9c7c</run_address>
         <size>0x18</size>
         <input_file_ref idref="fl-172"/>
      </object_component>
      <object_component id="oc-236">
         <name>.text</name>
         <load_address>0x9c94</load_address>
         <run_address>0x9c94</run_address>
         <size>0x18</size>
         <input_file_ref idref="fl-178"/>
      </object_component>
      <object_component id="oc-1dd">
         <name>.text</name>
         <load_address>0x9cac</load_address>
         <run_address>0x9cac</run_address>
         <size>0x14</size>
         <input_file_ref idref="fl-17d"/>
      </object_component>
      <object_component id="oc-273">
         <name>.text</name>
         <load_address>0x9cc0</load_address>
         <run_address>0x9cc0</run_address>
         <size>0x14</size>
         <input_file_ref idref="fl-179"/>
      </object_component>
      <object_component id="oc-2d9">
         <name>.text</name>
         <load_address>0x9cd4</load_address>
         <run_address>0x9cd4</run_address>
         <size>0x14</size>
         <input_file_ref idref="fl-17a"/>
      </object_component>
      <object_component id="oc-12">
         <name>.text:decompress:none</name>
         <load_address>0x9ce8</load_address>
         <run_address>0x9ce8</run_address>
         <size>0xe</size>
         <input_file_ref idref="fl-16e"/>
      </object_component>
      <object_component id="oc-1e">
         <name>.text:decompress:ZI</name>
         <load_address>0x9cf6</load_address>
         <run_address>0x9cf6</run_address>
         <size>0xc</size>
         <input_file_ref idref="fl-170"/>
      </object_component>
      <object_component id="oc-18">
         <name>.text:decompress:rle24</name>
         <load_address>0x9d02</load_address>
         <run_address>0x9d02</run_address>
         <size>0x6</size>
         <input_file_ref idref="fl-16f"/>
      </object_component>
      <object_component id="oc-8a">
         <name>.text</name>
         <load_address>0x9d08</load_address>
         <run_address>0x9d08</run_address>
         <size>0x4</size>
         <input_file_ref idref="fl-176"/>
      </object_component>
      <object_component id="oc-2c5">
         <name>.const:.string:Font</name>
         <load_address>0x9d0c</load_address>
         <run_address>0x9d0c</run_address>
         <size>0x4fb</size>
         <input_file_ref idref="fl-3a"/>
      </object_component>
      <object_component id="oc-2cf">
         <name>.const:.string:dBfs</name>
         <load_address>0xa207</load_address>
         <run_address>0xa207</run_address>
         <size>0x200</size>
         <input_file_ref idref="fl-3a"/>
      </object_component>
      <object_component id="oc-31c">
         <name>.const:.string</name>
         <load_address>0xa408</load_address>
         <run_address>0xa408</run_address>
         <size>0x7c</size>
         <input_file_ref idref="fl-28"/>
      </object_component>
      <object_component id="oc-2b5">
         <name>.const:.string:Bcmd</name>
         <load_address>0xa484</load_address>
         <run_address>0xa484</run_address>
         <size>0x67</size>
         <input_file_ref idref="fl-3a"/>
      </object_component>
      <object_component id="oc-2bb">
         <name>.const:.string:Rcmd1</name>
         <load_address>0xa4eb</load_address>
         <run_address>0xa4eb</run_address>
         <size>0x3b</size>
         <input_file_ref idref="fl-3a"/>
      </object_component>
      <object_component id="oc-2aa">
         <name>.const</name>
         <load_address>0xa526</load_address>
         <run_address>0xa526</run_address>
         <size>0x2c</size>
         <input_file_ref idref="fl-2b"/>
      </object_component>
      <object_component id="oc-2c1">
         <name>.const:.string:Rcmd3</name>
         <load_address>0xa552</load_address>
         <run_address>0xa552</run_address>
         <size>0x2b</size>
         <input_file_ref idref="fl-3a"/>
      </object_component>
      <object_component id="oc-23c">
         <name>.const:.string:$P$T0$2</name>
         <load_address>0xa57d</load_address>
         <run_address>0xa57d</run_address>
         <size>0x21</size>
         <input_file_ref idref="fl-30"/>
      </object_component>
      <object_component id="oc-23f">
         <name>.const:.string:$P$T1$3</name>
         <load_address>0xa59e</load_address>
         <run_address>0xa59e</run_address>
         <size>0x21</size>
         <input_file_ref idref="fl-30"/>
      </object_component>
      <object_component id="oc-2be">
         <name>.const:.string</name>
         <load_address>0xa5bf</load_address>
         <run_address>0xa5bf</run_address>
         <size>0x1a</size>
         <input_file_ref idref="fl-3a"/>
      </object_component>
      <object_component id="oc-2e8">
         <name>.const:.string</name>
         <load_address>0xa5dc</load_address>
         <run_address>0xa5dc</run_address>
         <size>0x10</size>
         <input_file_ref idref="fl-2c"/>
      </object_component>
      <object_component id="oc-22f">
         <name>.const</name>
         <load_address>0xa5ec</load_address>
         <run_address>0xa5ec</run_address>
         <size>0xc</size>
         <input_file_ref idref="fl-2c"/>
      </object_component>
      <object_component id="oc-19f">
         <name>.const:.string</name>
         <load_address>0xa5f8</load_address>
         <run_address>0xa5f8</run_address>
         <size>0xb</size>
         <input_file_ref idref="fl-27"/>
      </object_component>
      <object_component id="oc-36e">
         <name>.cinit..data.load</name>
         <load_address>0xa608</load_address>
         <run_address>0xa608</run_address>
         <size>0x6c</size>
      </object_component>
      <object_component id="oc-36c">
         <name>__TI_handler_table</name>
         <load_address>0xa674</load_address>
         <run_address>0xa674</run_address>
         <size>0xc</size>
      </object_component>
      <object_component id="oc-36f">
         <name>.cinit..bss.load</name>
         <load_address>0xa680</load_address>
         <run_address>0xa680</run_address>
         <size>0x8</size>
      </object_component>
      <object_component id="oc-36d">
         <name>__TI_cinit_table</name>
         <load_address>0xa688</load_address>
         <run_address>0xa688</run_address>
         <size>0x10</size>
      </object_component>
      <object_component id="oc-2a">
         <name>.sysmem</name>
         <uninitialized>true</uninitialized>
         <run_address>0x20003100</run_address>
         <size>0x8</size>
         <input_file_ref idref="fl-174"/>
      </object_component>
      <object_component id="oc-371">
         <name>.sysmem</name>
         <uninitialized>true</uninitialized>
         <run_address>0x20003100</run_address>
         <size>0x0</size>
      </object_component>
      <object_component id="oc-29">
         <name>.stack</name>
         <uninitialized>true</uninitialized>
         <run_address>0x20002e4c</run_address>
         <size>0x0</size>
         <input_file_ref idref="fl-16d"/>
      </object_component>
      <object_component id="oc-370">
         <name>.stack</name>
         <uninitialized>true</uninitialized>
         <run_address>0x20002e4c</run_address>
         <size>0x0</size>
      </object_component>
      <object_component id="oc-282">
         <name>.bss:CommandTokens</name>
         <uninitialized>true</uninitialized>
         <run_address>0x20002c30</run_address>
         <size>0xc8</size>
         <input_file_ref idref="fl-28"/>
      </object_component>
      <object_component id="oc-27f">
         <name>.bss:Command</name>
         <uninitialized>true</uninitialized>
         <run_address>0x20002b68</run_address>
         <size>0xc8</size>
         <input_file_ref idref="fl-28"/>
      </object_component>
      <object_component id="oc-20f">
         <name>.bss:g_sFatFs</name>
         <uninitialized>true</uninitialized>
         <run_address>0x20002710</run_address>
         <size>0x234</size>
         <input_file_ref idref="fl-29"/>
      </object_component>
      <object_component id="oc-235">
         <name>.bss:fd$1</name>
         <uninitialized>true</uninitialized>
         <run_address>0x20002944</run_address>
         <size>0x224</size>
         <input_file_ref idref="fl-30"/>
      </object_component>
      <object_component id="oc-242">
         <name>.bss:exec$4</name>
         <uninitialized>true</uninitialized>
         <run_address>0x20002cf8</run_address>
         <size>0x7c</size>
         <input_file_ref idref="fl-30"/>
      </object_component>
      <object_component id="oc-1f0">
         <name>.bss:Heap</name>
         <uninitialized>true</uninitialized>
         <run_address>0x20000000</run_address>
         <size>0x2710</size>
         <input_file_ref idref="fl-35"/>
      </object_component>
      <object_component id="oc-286">
         <name>.common:CurrentCommandParamCount</name>
         <uninitialized>true</uninitialized>
         <run_address>0x20002df8</run_address>
         <size>0x4</size>
      </object_component>
      <object_component id="oc-285">
         <name>.common:ExecuteName</name>
         <uninitialized>true</uninitialized>
         <run_address>0x20002da8</run_address>
         <size>0x14</size>
      </object_component>
      <object_component id="oc-20c">
         <name>.common:MountFresult</name>
         <uninitialized>true</uninitialized>
         <run_address>0x20002e48</run_address>
         <size>0x1</size>
      </object_component>
      <object_component id="oc-104">
         <name>.common:Timer1</name>
         <uninitialized>true</uninitialized>
         <run_address>0x20002e18</run_address>
         <size>0x4</size>
      </object_component>
      <object_component id="oc-107">
         <name>.common:Timer2</name>
         <uninitialized>true</uninitialized>
         <run_address>0x20002e1c</run_address>
         <size>0x4</size>
      </object_component>
      <object_component id="oc-10b">
         <name>.common:CardType</name>
         <uninitialized>true</uninitialized>
         <run_address>0x20002e46</run_address>
         <size>0x1</size>
      </object_component>
      <object_component id="oc-2a6">
         <name>.common:FatFs</name>
         <uninitialized>true</uninitialized>
         <run_address>0x20002dfc</run_address>
         <size>0x4</size>
      </object_component>
      <object_component id="oc-2a9">
         <name>.common:Fsid</name>
         <uninitialized>true</uninitialized>
         <run_address>0x20002e44</run_address>
         <size>0x2</size>
      </object_component>
      <object_component id="oc-ab">
         <name>.common:RunningOSInformation</name>
         <uninitialized>true</uninitialized>
         <run_address>0x20002d90</run_address>
         <size>0x18</size>
      </object_component>
      <object_component id="oc-ae">
         <name>.common:OffsetMode</name>
         <uninitialized>true</uninitialized>
         <run_address>0x20002e08</run_address>
         <size>0x4</size>
      </object_component>
      <object_component id="oc-1a8">
         <name>.common:SleepingList</name>
         <uninitialized>true</uninitialized>
         <run_address>0x20002e14</run_address>
         <size>0x4</size>
      </object_component>
      <object_component id="oc-171">
         <name>.common:PriorityBuckets</name>
         <uninitialized>true</uninitialized>
         <run_address>0x20002d74</run_address>
         <size>0x1c</size>
      </object_component>
      <object_component id="oc-c6">
         <name>.common:RxFifo</name>
         <uninitialized>true</uninitialized>
         <run_address>0x20002dbc</run_address>
         <size>0x10</size>
      </object_component>
      <object_component id="oc-c9">
         <name>.common:TxFifo</name>
         <uninitialized>true</uninitialized>
         <run_address>0x20002dcc</run_address>
         <size>0x10</size>
      </object_component>
      <object_component id="oc-c2">
         <name>.common:RxPutI</name>
         <uninitialized>true</uninitialized>
         <run_address>0x20002e10</run_address>
         <size>0x4</size>
      </object_component>
      <object_component id="oc-c5">
         <name>.common:RxGetI</name>
         <uninitialized>true</uninitialized>
         <run_address>0x20002e0c</run_address>
         <size>0x4</size>
      </object_component>
      <object_component id="oc-c7">
         <name>.common:TxPutI</name>
         <uninitialized>true</uninitialized>
         <run_address>0x20002e2c</run_address>
         <size>0x4</size>
      </object_component>
      <object_component id="oc-c8">
         <name>.common:TxGetI</name>
         <uninitialized>true</uninitialized>
         <run_address>0x20002e28</run_address>
         <size>0x4</size>
      </object_component>
      <object_component id="oc-ca">
         <name>.common:rxSem</name>
         <uninitialized>true</uninitialized>
         <run_address>0x20002e40</run_address>
         <size>0x4</size>
      </object_component>
      <object_component id="oc-22b">
         <name>.common:LCD_Sem4</name>
         <uninitialized>true</uninitialized>
         <run_address>0x20002e00</run_address>
         <size>0x4</size>
      </object_component>
      <object_component id="oc-2b1">
         <name>.common:ColStart</name>
         <uninitialized>true</uninitialized>
         <run_address>0x20002e47</run_address>
         <size>0x1</size>
      </object_component>
      <object_component id="oc-2b4">
         <name>.common:RowStart</name>
         <uninitialized>true</uninitialized>
         <run_address>0x20002e4a</run_address>
         <size>0x1</size>
      </object_component>
      <object_component id="oc-2ca">
         <name>.common:Rotation</name>
         <uninitialized>true</uninitialized>
         <run_address>0x20002e49</run_address>
         <size>0x1</size>
      </object_component>
      <object_component id="oc-2c4">
         <name>.common:TabColor</name>
         <uninitialized>true</uninitialized>
         <run_address>0x20002e4b</run_address>
         <size>0x1</size>
      </object_component>
      <object_component id="oc-2c8">
         <name>.common:Message</name>
         <uninitialized>true</uninitialized>
         <run_address>0x20002ddc</run_address>
         <size>0xc</size>
      </object_component>
      <object_component id="oc-2c9">
         <name>.common:Messageindex</name>
         <uninitialized>true</uninitialized>
         <run_address>0x20002e04</run_address>
         <size>0x4</size>
      </object_component>
      <object_component id="oc-2cb">
         <name>.common:Ymax</name>
         <uninitialized>true</uninitialized>
         <run_address>0x20002e34</run_address>
         <size>0x4</size>
      </object_component>
      <object_component id="oc-2cc">
         <name>.common:Ymin</name>
         <uninitialized>true</uninitialized>
         <run_address>0x20002e38</run_address>
         <size>0x4</size>
      </object_component>
      <object_component id="oc-2ce">
         <name>.common:X</name>
         <uninitialized>true</uninitialized>
         <run_address>0x20002e30</run_address>
         <size>0x4</size>
      </object_component>
      <object_component id="oc-2cd">
         <name>.common:Yrange</name>
         <uninitialized>true</uninitialized>
         <run_address>0x20002e3c</run_address>
         <size>0x4</size>
      </object_component>
      <object_component id="oc-2e2">
         <name>.common:valueString</name>
         <uninitialized>true</uninitialized>
         <run_address>0x20002de8</run_address>
         <size>0xc</size>
      </object_component>
      <object_component id="oc-df">
         <name>.common:ADCvalue</name>
         <uninitialized>true</uninitialized>
         <run_address>0x20002df4</run_address>
         <size>0x4</size>
      </object_component>
      <object_component id="oc-100">
         <name>.common:Timer3Task</name>
         <uninitialized>true</uninitialized>
         <run_address>0x20002e24</run_address>
         <size>0x4</size>
      </object_component>
      <object_component id="oc-f2">
         <name>.common:Timer2Task</name>
         <uninitialized>true</uninitialized>
         <run_address>0x20002e20</run_address>
         <size>0x4</size>
      </object_component>
      <object_component id="oc-287">
         <name>.data</name>
         <load_address>0x20003040</load_address>
         <run_address>0x20003040</run_address>
         <size>0x28</size>
         <input_file_ref idref="fl-28"/>
      </object_component>
      <object_component id="oc-108">
         <name>.data</name>
         <load_address>0x200030ef</load_address>
         <run_address>0x200030ef</run_address>
         <size>0x1</size>
         <input_file_ref idref="fl-2a"/>
      </object_component>
      <object_component id="oc-187">
         <name>.data</name>
         <load_address>0x20003068</load_address>
         <run_address>0x20003068</run_address>
         <size>0x24</size>
         <input_file_ref idref="fl-2c"/>
      </object_component>
      <object_component id="oc-ee">
         <name>.data</name>
         <load_address>0x200030c0</load_address>
         <run_address>0x200030c0</run_address>
         <size>0xc</size>
         <input_file_ref idref="fl-2e"/>
      </object_component>
      <object_component id="oc-201">
         <name>.data</name>
         <load_address>0x200030b0</load_address>
         <run_address>0x200030b0</run_address>
         <size>0xc</size>
         <input_file_ref idref="fl-34"/>
      </object_component>
      <object_component id="oc-2b8">
         <name>.data</name>
         <load_address>0x2000308c</load_address>
         <run_address>0x2000308c</run_address>
         <size>0x14</size>
         <input_file_ref idref="fl-3a"/>
      </object_component>
      <object_component id="oc-2df">
         <name>.data</name>
         <load_address>0x200030f8</load_address>
         <run_address>0x200030f8</run_address>
         <size>0x2</size>
         <input_file_ref idref="fl-3b"/>
      </object_component>
      <object_component id="oc-dc">
         <name>.data</name>
         <load_address>0x200030bc</load_address>
         <run_address>0x200030bc</run_address>
         <size>0x4</size>
         <input_file_ref idref="fl-3c"/>
      </object_component>
      <object_component id="oc-f6">
         <name>.data</name>
         <load_address>0x200030a0</load_address>
         <run_address>0x200030a0</run_address>
         <size>0x10</size>
         <input_file_ref idref="fl-42"/>
      </object_component>
      <object_component id="oc-268">
         <name>.data</name>
         <load_address>0x200030e8</load_address>
         <run_address>0x200030e8</run_address>
         <size>0x7</size>
         <input_file_ref idref="fl-43"/>
      </object_component>
      <object_component id="oc-140">
         <name>.data</name>
         <load_address>0x200030e0</load_address>
         <run_address>0x200030e0</run_address>
         <size>0x8</size>
         <input_file_ref idref="fl-171"/>
      </object_component>
      <object_component id="oc-314">
         <name>.data</name>
         <load_address>0x200030cc</load_address>
         <run_address>0x200030cc</run_address>
         <size>0xc</size>
         <input_file_ref idref="fl-174"/>
      </object_component>
      <object_component id="oc-a2">
         <name>.data</name>
         <load_address>0x200030f0</load_address>
         <run_address>0x200030f0</run_address>
         <size>0x4</size>
         <input_file_ref idref="fl-177"/>
      </object_component>
      <object_component id="oc-30d">
         <name>.data</name>
         <load_address>0x200030f4</load_address>
         <run_address>0x200030f4</run_address>
         <size>0x4</size>
         <input_file_ref idref="fl-17b"/>
      </object_component>
      <object_component id="oc-13d">
         <name>.data</name>
         <load_address>0x200030d8</load_address>
         <run_address>0x200030d8</run_address>
         <size>0x8</size>
         <input_file_ref idref="fl-17d"/>
      </object_component>
      <object_component id="oc-1eb">
         <name>.debug_info</name>
         <load_address>0x0</load_address>
         <run_address>0x0</run_address>
         <size>0xee</size>
         <input_file_ref idref="fl-2"/>
      </object_component>
      <object_component id="oc-156">
         <name>.debug_info</name>
         <load_address>0xee</load_address>
         <run_address>0xee</run_address>
         <size>0xcf</size>
         <input_file_ref idref="fl-2"/>
      </object_component>
      <object_component id="oc-160">
         <name>.debug_info</name>
         <load_address>0x1bd</load_address>
         <run_address>0x1bd</run_address>
         <size>0x2dc</size>
         <input_file_ref idref="fl-2"/>
      </object_component>
      <object_component id="oc-cc">
         <name>.debug_info</name>
         <load_address>0x499</load_address>
         <run_address>0x499</run_address>
         <size>0x84</size>
         <input_file_ref idref="fl-2"/>
      </object_component>
      <object_component id="oc-d1">
         <name>.debug_info</name>
         <load_address>0x51d</load_address>
         <run_address>0x51d</run_address>
         <size>0x18b</size>
         <input_file_ref idref="fl-2"/>
      </object_component>
      <object_component id="oc-1fc">
         <name>.debug_info</name>
         <load_address>0x6a8</load_address>
         <run_address>0x6a8</run_address>
         <size>0x8a</size>
         <input_file_ref idref="fl-2"/>
      </object_component>
      <object_component id="oc-19a">
         <name>.debug_info</name>
         <load_address>0x732</load_address>
         <run_address>0x732</run_address>
         <size>0x62</size>
         <input_file_ref idref="fl-2"/>
      </object_component>
      <object_component id="oc-fb">
         <name>.debug_info</name>
         <load_address>0x794</load_address>
         <run_address>0x794</run_address>
         <size>0x4c</size>
         <input_file_ref idref="fl-2"/>
      </object_component>
      <object_component id="oc-136">
         <name>.debug_info</name>
         <load_address>0x7e0</load_address>
         <run_address>0x7e0</run_address>
         <size>0x149</size>
         <input_file_ref idref="fl-4"/>
      </object_component>
      <object_component id="oc-1f5">
         <name>.debug_info</name>
         <load_address>0x929</load_address>
         <run_address>0x929</run_address>
         <size>0x9e</size>
         <input_file_ref idref="fl-5"/>
      </object_component>
      <object_component id="oc-64">
         <name>.debug_info</name>
         <load_address>0x9c7</load_address>
         <run_address>0x9c7</run_address>
         <size>0xf0</size>
         <input_file_ref idref="fl-6"/>
      </object_component>
      <object_component id="oc-10">
         <name>.debug_info</name>
         <load_address>0xab7</load_address>
         <run_address>0xab7</run_address>
         <size>0xd5</size>
         <input_file_ref idref="fl-6"/>
      </object_component>
      <object_component id="oc-2e">
         <name>.debug_info</name>
         <load_address>0xb8c</load_address>
         <run_address>0xb8c</run_address>
         <size>0x39b0</size>
         <input_file_ref idref="fl-6"/>
      </object_component>
      <object_component id="oc-1a3">
         <name>.debug_info</name>
         <load_address>0x453c</load_address>
         <run_address>0x453c</run_address>
         <size>0xef</size>
         <input_file_ref idref="fl-27"/>
      </object_component>
      <object_component id="oc-1a0">
         <name>.debug_info</name>
         <load_address>0x462b</load_address>
         <run_address>0x462b</run_address>
         <size>0xc6</size>
         <input_file_ref idref="fl-27"/>
      </object_component>
      <object_component id="oc-d7">
         <name>.debug_info</name>
         <load_address>0x46f1</load_address>
         <run_address>0x46f1</run_address>
         <size>0x24e</size>
         <input_file_ref idref="fl-27"/>
      </object_component>
      <object_component id="oc-1ec">
         <name>.debug_info</name>
         <load_address>0x493f</load_address>
         <run_address>0x493f</run_address>
         <size>0x47f</size>
         <input_file_ref idref="fl-28"/>
      </object_component>
      <object_component id="oc-288">
         <name>.debug_info</name>
         <load_address>0x4dbe</load_address>
         <run_address>0x4dbe</run_address>
         <size>0x166</size>
         <input_file_ref idref="fl-28"/>
      </object_component>
      <object_component id="oc-283">
         <name>.debug_info</name>
         <load_address>0x4f24</load_address>
         <run_address>0x4f24</run_address>
         <size>0xca</size>
         <input_file_ref idref="fl-28"/>
      </object_component>
      <object_component id="oc-280">
         <name>.debug_info</name>
         <load_address>0x4fee</load_address>
         <run_address>0x4fee</run_address>
         <size>0xbe</size>
         <input_file_ref idref="fl-28"/>
      </object_component>
      <object_component id="oc-1d0">
         <name>.debug_info</name>
         <load_address>0x50ac</load_address>
         <run_address>0x50ac</run_address>
         <size>0x984</size>
         <input_file_ref idref="fl-28"/>
      </object_component>
      <object_component id="oc-15b">
         <name>.debug_info</name>
         <load_address>0x5a30</load_address>
         <run_address>0x5a30</run_address>
         <size>0x4c5</size>
         <input_file_ref idref="fl-28"/>
      </object_component>
      <object_component id="oc-297">
         <name>.debug_info</name>
         <load_address>0x5ef5</load_address>
         <run_address>0x5ef5</run_address>
         <size>0xc8</size>
         <input_file_ref idref="fl-28"/>
      </object_component>
      <object_component id="oc-292">
         <name>.debug_info</name>
         <load_address>0x5fbd</load_address>
         <run_address>0x5fbd</run_address>
         <size>0x39</size>
         <input_file_ref idref="fl-28"/>
      </object_component>
      <object_component id="oc-10d">
         <name>.debug_info</name>
         <load_address>0x5ff6</load_address>
         <run_address>0x5ff6</run_address>
         <size>0x87</size>
         <input_file_ref idref="fl-28"/>
      </object_component>
      <object_component id="oc-20d">
         <name>.debug_info</name>
         <load_address>0x607d</load_address>
         <run_address>0x607d</run_address>
         <size>0x1f4</size>
         <input_file_ref idref="fl-29"/>
      </object_component>
      <object_component id="oc-210">
         <name>.debug_info</name>
         <load_address>0x6271</load_address>
         <run_address>0x6271</run_address>
         <size>0xd2</size>
         <input_file_ref idref="fl-29"/>
      </object_component>
      <object_component id="oc-17c">
         <name>.debug_info</name>
         <load_address>0x6343</load_address>
         <run_address>0x6343</run_address>
         <size>0x156</size>
         <input_file_ref idref="fl-29"/>
      </object_component>
      <object_component id="oc-124">
         <name>.debug_info</name>
         <load_address>0x6499</load_address>
         <run_address>0x6499</run_address>
         <size>0x2c</size>
         <input_file_ref idref="fl-29"/>
      </object_component>
      <object_component id="oc-105">
         <name>.debug_info</name>
         <load_address>0x64c5</load_address>
         <run_address>0x64c5</run_address>
         <size>0x14b</size>
         <input_file_ref idref="fl-2a"/>
      </object_component>
      <object_component id="oc-109">
         <name>.debug_info</name>
         <load_address>0x6610</load_address>
         <run_address>0x6610</run_address>
         <size>0xbd</size>
         <input_file_ref idref="fl-2a"/>
      </object_component>
      <object_component id="oc-5d">
         <name>.debug_info</name>
         <load_address>0x66cd</load_address>
         <run_address>0x66cd</run_address>
         <size>0x1234</size>
         <input_file_ref idref="fl-2a"/>
      </object_component>
      <object_component id="oc-112">
         <name>.debug_info</name>
         <load_address>0x7901</load_address>
         <run_address>0x7901</run_address>
         <size>0x70</size>
         <input_file_ref idref="fl-2a"/>
      </object_component>
      <object_component id="oc-2a7">
         <name>.debug_info</name>
         <load_address>0x7971</load_address>
         <run_address>0x7971</run_address>
         <size>0x2cf</size>
         <input_file_ref idref="fl-2b"/>
      </object_component>
      <object_component id="oc-207">
         <name>.debug_info</name>
         <load_address>0x7c40</load_address>
         <run_address>0x7c40</run_address>
         <size>0x3a6e</size>
         <input_file_ref idref="fl-2b"/>
      </object_component>
      <object_component id="oc-ac">
         <name>.debug_info</name>
         <load_address>0xb6ae</load_address>
         <run_address>0xb6ae</run_address>
         <size>0x5dd</size>
         <input_file_ref idref="fl-2c"/>
      </object_component>
      <object_component id="oc-188">
         <name>.debug_info</name>
         <load_address>0xbc8b</load_address>
         <run_address>0xbc8b</run_address>
         <size>0x1f5</size>
         <input_file_ref idref="fl-2c"/>
      </object_component>
      <object_component id="oc-230">
         <name>.debug_info</name>
         <load_address>0xbe80</load_address>
         <run_address>0xbe80</run_address>
         <size>0xfb</size>
         <input_file_ref idref="fl-2c"/>
      </object_component>
      <object_component id="oc-b6">
         <name>.debug_info</name>
         <load_address>0xbf7b</load_address>
         <run_address>0xbf7b</run_address>
         <size>0x14c1</size>
         <input_file_ref idref="fl-2c"/>
      </object_component>
      <object_component id="oc-34">
         <name>.debug_info</name>
         <load_address>0xd43c</load_address>
         <run_address>0xd43c</run_address>
         <size>0x167</size>
         <input_file_ref idref="fl-2d"/>
      </object_component>
      <object_component id="oc-ef">
         <name>.debug_info</name>
         <load_address>0xd5a3</load_address>
         <run_address>0xd5a3</run_address>
         <size>0x117</size>
         <input_file_ref idref="fl-2e"/>
      </object_component>
      <object_component id="oc-45">
         <name>.debug_info</name>
         <load_address>0xd6ba</load_address>
         <run_address>0xd6ba</run_address>
         <size>0x38a</size>
         <input_file_ref idref="fl-2e"/>
      </object_component>
      <object_component id="oc-1a9">
         <name>.debug_info</name>
         <load_address>0xda44</load_address>
         <run_address>0xda44</run_address>
         <size>0x2d6</size>
         <input_file_ref idref="fl-2f"/>
      </object_component>
      <object_component id="oc-e4">
         <name>.debug_info</name>
         <load_address>0xdd1a</load_address>
         <run_address>0xdd1a</run_address>
         <size>0x587</size>
         <input_file_ref idref="fl-2f"/>
      </object_component>
      <object_component id="oc-244">
         <name>.debug_info</name>
         <load_address>0xe2a1</load_address>
         <run_address>0xe2a1</run_address>
         <size>0x46e</size>
         <input_file_ref idref="fl-30"/>
      </object_component>
      <object_component id="oc-23d">
         <name>.debug_info</name>
         <load_address>0xe70f</load_address>
         <run_address>0xe70f</run_address>
         <size>0xda</size>
         <input_file_ref idref="fl-30"/>
      </object_component>
      <object_component id="oc-240">
         <name>.debug_info</name>
         <load_address>0xe7e9</load_address>
         <run_address>0xe7e9</run_address>
         <size>0xda</size>
         <input_file_ref idref="fl-30"/>
      </object_component>
      <object_component id="oc-190">
         <name>.debug_info</name>
         <load_address>0xe8c3</load_address>
         <run_address>0xe8c3</run_address>
         <size>0x281e</size>
         <input_file_ref idref="fl-30"/>
      </object_component>
      <object_component id="oc-254">
         <name>.debug_info</name>
         <load_address>0x110e1</load_address>
         <run_address>0x110e1</run_address>
         <size>0x33b</size>
         <input_file_ref idref="fl-30"/>
      </object_component>
      <object_component id="oc-24f">
         <name>.debug_info</name>
         <load_address>0x1141c</load_address>
         <run_address>0x1141c</run_address>
         <size>0x4fa</size>
         <input_file_ref idref="fl-30"/>
      </object_component>
      <object_component id="oc-2f3">
         <name>.debug_info</name>
         <load_address>0x11916</load_address>
         <run_address>0x11916</run_address>
         <size>0xbb</size>
         <input_file_ref idref="fl-30"/>
      </object_component>
      <object_component id="oc-2f8">
         <name>.debug_info</name>
         <load_address>0x119d1</load_address>
         <run_address>0x119d1</run_address>
         <size>0x2dc</size>
         <input_file_ref idref="fl-30"/>
      </object_component>
      <object_component id="oc-24a">
         <name>.debug_info</name>
         <load_address>0x11cad</load_address>
         <run_address>0x11cad</run_address>
         <size>0x46</size>
         <input_file_ref idref="fl-30"/>
      </object_component>
      <object_component id="oc-245">
         <name>.debug_info</name>
         <load_address>0x11cf3</load_address>
         <run_address>0x11cf3</run_address>
         <size>0x2c</size>
         <input_file_ref idref="fl-30"/>
      </object_component>
      <object_component id="oc-172">
         <name>.debug_info</name>
         <load_address>0x11d1f</load_address>
         <run_address>0x11d1f</run_address>
         <size>0x2cf</size>
         <input_file_ref idref="fl-31"/>
      </object_component>
      <object_component id="oc-b0">
         <name>.debug_info</name>
         <load_address>0x11fee</load_address>
         <run_address>0x11fee</run_address>
         <size>0x800</size>
         <input_file_ref idref="fl-31"/>
      </object_component>
      <object_component id="oc-1ef">
         <name>.debug_info</name>
         <load_address>0x127ee</load_address>
         <run_address>0x127ee</run_address>
         <size>0x1b8</size>
         <input_file_ref idref="fl-32"/>
      </object_component>
      <object_component id="oc-166">
         <name>.debug_info</name>
         <load_address>0x129a6</load_address>
         <run_address>0x129a6</run_address>
         <size>0x5ed</size>
         <input_file_ref idref="fl-32"/>
      </object_component>
      <object_component id="oc-197">
         <name>.debug_info</name>
         <load_address>0x12f93</load_address>
         <run_address>0x12f93</run_address>
         <size>0x3c4</size>
         <input_file_ref idref="fl-33"/>
      </object_component>
      <object_component id="oc-bd">
         <name>.debug_info</name>
         <load_address>0x13357</load_address>
         <run_address>0x13357</run_address>
         <size>0x880</size>
         <input_file_ref idref="fl-33"/>
      </object_component>
      <object_component id="oc-205">
         <name>.debug_info</name>
         <load_address>0x13bd7</load_address>
         <run_address>0x13bd7</run_address>
         <size>0x148</size>
         <input_file_ref idref="fl-34"/>
      </object_component>
      <object_component id="oc-202">
         <name>.debug_info</name>
         <load_address>0x13d1f</load_address>
         <run_address>0x13d1f</run_address>
         <size>0x121</size>
         <input_file_ref idref="fl-34"/>
      </object_component>
      <object_component id="oc-176">
         <name>.debug_info</name>
         <load_address>0x13e40</load_address>
         <run_address>0x13e40</run_address>
         <size>0x48b</size>
         <input_file_ref idref="fl-34"/>
      </object_component>
      <object_component id="oc-1f4">
         <name>.debug_info</name>
         <load_address>0x142cb</load_address>
         <run_address>0x142cb</run_address>
         <size>0xd4</size>
         <input_file_ref idref="fl-35"/>
      </object_component>
      <object_component id="oc-1f1">
         <name>.debug_info</name>
         <load_address>0x1439f</load_address>
         <run_address>0x1439f</run_address>
         <size>0xca</size>
         <input_file_ref idref="fl-35"/>
      </object_component>
      <object_component id="oc-16c">
         <name>.debug_info</name>
         <load_address>0x14469</load_address>
         <run_address>0x14469</run_address>
         <size>0x1651</size>
         <input_file_ref idref="fl-35"/>
      </object_component>
      <object_component id="oc-c3">
         <name>.debug_info</name>
         <load_address>0x15aba</load_address>
         <run_address>0x15aba</run_address>
         <size>0x29d</size>
         <input_file_ref idref="fl-36"/>
      </object_component>
      <object_component id="oc-39">
         <name>.debug_info</name>
         <load_address>0x15d57</load_address>
         <run_address>0x15d57</run_address>
         <size>0x1275</size>
         <input_file_ref idref="fl-36"/>
      </object_component>
      <object_component id="oc-214">
         <name>.debug_info</name>
         <load_address>0x16fcc</load_address>
         <run_address>0x16fcc</run_address>
         <size>0x19c</size>
         <input_file_ref idref="fl-37"/>
      </object_component>
      <object_component id="oc-22c">
         <name>.debug_info</name>
         <load_address>0x17168</load_address>
         <run_address>0x17168</run_address>
         <size>0x42a</size>
         <input_file_ref idref="fl-38"/>
      </object_component>
      <object_component id="oc-182">
         <name>.debug_info</name>
         <load_address>0x17592</load_address>
         <run_address>0x17592</run_address>
         <size>0xe27</size>
         <input_file_ref idref="fl-38"/>
      </object_component>
      <object_component id="oc-2d3">
         <name>.debug_info</name>
         <load_address>0x183b9</load_address>
         <run_address>0x183b9</run_address>
         <size>0x51</size>
         <input_file_ref idref="fl-38"/>
      </object_component>
      <object_component id="oc-220">
         <name>.debug_info</name>
         <load_address>0x1840a</load_address>
         <run_address>0x1840a</run_address>
         <size>0x21e</size>
         <input_file_ref idref="fl-39"/>
      </object_component>
      <object_component id="oc-2b2">
         <name>.debug_info</name>
         <load_address>0x18628</load_address>
         <run_address>0x18628</run_address>
         <size>0x28d</size>
         <input_file_ref idref="fl-3a"/>
      </object_component>
      <object_component id="oc-2b9">
         <name>.debug_info</name>
         <load_address>0x188b5</load_address>
         <run_address>0x188b5</run_address>
         <size>0x16d</size>
         <input_file_ref idref="fl-3a"/>
      </object_component>
      <object_component id="oc-2c6">
         <name>.debug_info</name>
         <load_address>0x18a22</load_address>
         <run_address>0x18a22</run_address>
         <size>0xd8</size>
         <input_file_ref idref="fl-3a"/>
      </object_component>
      <object_component id="oc-2b6">
         <name>.debug_info</name>
         <load_address>0x18afa</load_address>
         <run_address>0x18afa</run_address>
         <size>0xd9</size>
         <input_file_ref idref="fl-3a"/>
      </object_component>
      <object_component id="oc-2bc">
         <name>.debug_info</name>
         <load_address>0x18bd3</load_address>
         <run_address>0x18bd3</run_address>
         <size>0xdb</size>
         <input_file_ref idref="fl-3a"/>
      </object_component>
      <object_component id="oc-2bf">
         <name>.debug_info</name>
         <load_address>0x18cae</load_address>
         <run_address>0x18cae</run_address>
         <size>0x106</size>
         <input_file_ref idref="fl-3a"/>
      </object_component>
      <object_component id="oc-2c2">
         <name>.debug_info</name>
         <load_address>0x18db4</load_address>
         <run_address>0x18db4</run_address>
         <size>0xdb</size>
         <input_file_ref idref="fl-3a"/>
      </object_component>
      <object_component id="oc-2d0">
         <name>.debug_info</name>
         <load_address>0x18e8f</load_address>
         <run_address>0x18e8f</run_address>
         <size>0xda</size>
         <input_file_ref idref="fl-3a"/>
      </object_component>
      <object_component id="oc-21a">
         <name>.debug_info</name>
         <load_address>0x18f69</load_address>
         <run_address>0x18f69</run_address>
         <size>0x2e40</size>
         <input_file_ref idref="fl-3a"/>
      </object_component>
      <object_component id="oc-2e3">
         <name>.debug_info</name>
         <load_address>0x1bda9</load_address>
         <run_address>0x1bda9</run_address>
         <size>0x268</size>
         <input_file_ref idref="fl-3b"/>
      </object_component>
      <object_component id="oc-2e0">
         <name>.debug_info</name>
         <load_address>0x1c011</load_address>
         <run_address>0x1c011</run_address>
         <size>0xf4</size>
         <input_file_ref idref="fl-3b"/>
      </object_component>
      <object_component id="oc-226">
         <name>.debug_info</name>
         <load_address>0x1c105</load_address>
         <run_address>0x1c105</run_address>
         <size>0x458</size>
         <input_file_ref idref="fl-3b"/>
      </object_component>
      <object_component id="oc-e0">
         <name>.debug_info</name>
         <load_address>0x1c55d</load_address>
         <run_address>0x1c55d</run_address>
         <size>0x19b</size>
         <input_file_ref idref="fl-3c"/>
      </object_component>
      <object_component id="oc-dd">
         <name>.debug_info</name>
         <load_address>0x1c6f8</load_address>
         <run_address>0x1c6f8</run_address>
         <size>0xda</size>
         <input_file_ref idref="fl-3c"/>
      </object_component>
      <object_component id="oc-3f">
         <name>.debug_info</name>
         <load_address>0x1c7d2</load_address>
         <run_address>0x1c7d2</run_address>
         <size>0x577</size>
         <input_file_ref idref="fl-3c"/>
      </object_component>
      <object_component id="oc-101">
         <name>.debug_info</name>
         <load_address>0x1cd49</load_address>
         <run_address>0x1cd49</run_address>
         <size>0xfe</size>
         <input_file_ref idref="fl-40"/>
      </object_component>
      <object_component id="oc-57">
         <name>.debug_info</name>
         <load_address>0x1ce47</load_address>
         <run_address>0x1ce47</run_address>
         <size>0x2ad</size>
         <input_file_ref idref="fl-40"/>
      </object_component>
      <object_component id="oc-f3">
         <name>.debug_info</name>
         <load_address>0x1d0f4</load_address>
         <run_address>0x1d0f4</run_address>
         <size>0xfe</size>
         <input_file_ref idref="fl-41"/>
      </object_component>
      <object_component id="oc-4b">
         <name>.debug_info</name>
         <load_address>0x1d1f2</load_address>
         <run_address>0x1d1f2</run_address>
         <size>0x2bf</size>
         <input_file_ref idref="fl-41"/>
      </object_component>
      <object_component id="oc-fa">
         <name>.debug_info</name>
         <load_address>0x1d4b1</load_address>
         <run_address>0x1d4b1</run_address>
         <size>0xe1</size>
         <input_file_ref idref="fl-42"/>
      </object_component>
      <object_component id="oc-f7">
         <name>.debug_info</name>
         <load_address>0x1d592</load_address>
         <run_address>0x1d592</run_address>
         <size>0x168</size>
         <input_file_ref idref="fl-42"/>
      </object_component>
      <object_component id="oc-51">
         <name>.debug_info</name>
         <load_address>0x1d6fa</load_address>
         <run_address>0x1d6fa</run_address>
         <size>0x56e</size>
         <input_file_ref idref="fl-42"/>
      </object_component>
      <object_component id="oc-26c">
         <name>.debug_info</name>
         <load_address>0x1dc68</load_address>
         <run_address>0x1dc68</run_address>
         <size>0x2b1</size>
         <input_file_ref idref="fl-43"/>
      </object_component>
      <object_component id="oc-269">
         <name>.debug_info</name>
         <load_address>0x1df19</load_address>
         <run_address>0x1df19</run_address>
         <size>0x1a3</size>
         <input_file_ref idref="fl-43"/>
      </object_component>
      <object_component id="oc-1ca">
         <name>.debug_info</name>
         <load_address>0x1e0bc</load_address>
         <run_address>0x1e0bc</run_address>
         <size>0x6cf</size>
         <input_file_ref idref="fl-43"/>
      </object_component>
      <object_component id="oc-25">
         <name>.debug_info</name>
         <load_address>0x1e78b</load_address>
         <run_address>0x1e78b</run_address>
         <size>0x134</size>
         <input_file_ref idref="fl-16d"/>
      </object_component>
      <object_component id="oc-70">
         <name>.debug_info</name>
         <load_address>0x1e8bf</load_address>
         <run_address>0x1e8bf</run_address>
         <size>0x121</size>
         <input_file_ref idref="fl-16e"/>
      </object_component>
      <object_component id="oc-13">
         <name>.debug_info</name>
         <load_address>0x1e9e0</load_address>
         <run_address>0x1e9e0</run_address>
         <size>0x1c0</size>
         <input_file_ref idref="fl-16e"/>
      </object_component>
      <object_component id="oc-6b">
         <name>.debug_info</name>
         <load_address>0x1eba0</load_address>
         <run_address>0x1eba0</run_address>
         <size>0x46</size>
         <input_file_ref idref="fl-16e"/>
      </object_component>
      <object_component id="oc-11a">
         <name>.debug_info</name>
         <load_address>0x1ebe6</load_address>
         <run_address>0x1ebe6</run_address>
         <size>0x2c</size>
         <input_file_ref idref="fl-16e"/>
      </object_component>
      <object_component id="oc-78">
         <name>.debug_info</name>
         <load_address>0x1ec12</load_address>
         <run_address>0x1ec12</run_address>
         <size>0x115</size>
         <input_file_ref idref="fl-16f"/>
      </object_component>
      <object_component id="oc-72">
         <name>.debug_info</name>
         <load_address>0x1ed27</load_address>
         <run_address>0x1ed27</run_address>
         <size>0x228</size>
         <input_file_ref idref="fl-16f"/>
      </object_component>
      <object_component id="oc-19">
         <name>.debug_info</name>
         <load_address>0x1ef4f</load_address>
         <run_address>0x1ef4f</run_address>
         <size>0x192</size>
         <input_file_ref idref="fl-16f"/>
      </object_component>
      <object_component id="oc-79">
         <name>.debug_info</name>
         <load_address>0x1f0e1</load_address>
         <run_address>0x1f0e1</run_address>
         <size>0x39</size>
         <input_file_ref idref="fl-16f"/>
      </object_component>
      <object_component id="oc-89">
         <name>.debug_info</name>
         <load_address>0x1f11a</load_address>
         <run_address>0x1f11a</run_address>
         <size>0x110</size>
         <input_file_ref idref="fl-170"/>
      </object_component>
      <object_component id="oc-1f">
         <name>.debug_info</name>
         <load_address>0x1f22a</load_address>
         <run_address>0x1f22a</run_address>
         <size>0x18b</size>
         <input_file_ref idref="fl-170"/>
      </object_component>
      <object_component id="oc-84">
         <name>.debug_info</name>
         <load_address>0x1f3b5</load_address>
         <run_address>0x1f3b5</run_address>
         <size>0x46</size>
         <input_file_ref idref="fl-170"/>
      </object_component>
      <object_component id="oc-144">
         <name>.debug_info</name>
         <load_address>0x1f3fb</load_address>
         <run_address>0x1f3fb</run_address>
         <size>0x172</size>
         <input_file_ref idref="fl-171"/>
      </object_component>
      <object_component id="oc-141">
         <name>.debug_info</name>
         <load_address>0x1f56d</load_address>
         <run_address>0x1f56d</run_address>
         <size>0x117</size>
         <input_file_ref idref="fl-171"/>
      </object_component>
      <object_component id="oc-9d">
         <name>.debug_info</name>
         <load_address>0x1f684</load_address>
         <run_address>0x1f684</run_address>
         <size>0x1ee</size>
         <input_file_ref idref="fl-171"/>
      </object_component>
      <object_component id="oc-ea">
         <name>.debug_info</name>
         <load_address>0x1f872</load_address>
         <run_address>0x1f872</run_address>
         <size>0xff</size>
         <input_file_ref idref="fl-172"/>
      </object_component>
      <object_component id="oc-68">
         <name>.debug_info</name>
         <load_address>0x1f971</load_address>
         <run_address>0x1f971</run_address>
         <size>0xf6</size>
         <input_file_ref idref="fl-173"/>
      </object_component>
      <object_component id="oc-a8">
         <name>.debug_info</name>
         <load_address>0x1fa67</load_address>
         <run_address>0x1fa67</run_address>
         <size>0x203</size>
         <input_file_ref idref="fl-174"/>
      </object_component>
      <object_component id="oc-2b">
         <name>.debug_info</name>
         <load_address>0x1fc6a</load_address>
         <run_address>0x1fc6a</run_address>
         <size>0xe2</size>
         <input_file_ref idref="fl-174"/>
      </object_component>
      <object_component id="oc-315">
         <name>.debug_info</name>
         <load_address>0x1fd4c</load_address>
         <run_address>0x1fd4c</run_address>
         <size>0x12d</size>
         <input_file_ref idref="fl-174"/>
      </object_component>
      <object_component id="oc-27c">
         <name>.debug_info</name>
         <load_address>0x1fe79</load_address>
         <run_address>0x1fe79</run_address>
         <size>0x86c</size>
         <input_file_ref idref="fl-174"/>
      </object_component>
      <object_component id="oc-14a">
         <name>.debug_info</name>
         <load_address>0x206e5</load_address>
[...]
         <name>X</name>
         <value>0x20002e30</value>
      </symbol>
      <symbol id="sm-b81">
         <name>Yrange</name>
         <value>0x20002e3c</value>
      </symbol>
      <symbol id="sm-b82">
         <name>Output_On</name>
         <value>0x5055</value>
         <object_component_ref idref="oc-219"/>
      </symbol>
      <symbol id="sm-b83">
         <name>ST7735_InitR</name>
         <value>0x3ef1</value>
         <object_component_ref idref="oc-219"/>
      </symbol>
      <symbol id="sm-b84">
         <name>ST7735_InitB</name>
         <value>0x3ebb</value>
         <object_component_ref idref="oc-219"/>
      </symbol>
      <symbol id="sm-b85">
         <name>Output_Clear</name>
         <value>0x5043</value>
         <object_component_ref idref="oc-219"/>
      </symbol>
      <symbol id="sm-b86">
         <name>Delay1ms</name>
         <value>0x3c59</value>
         <object_component_ref idref="oc-219"/>
      </symbol>
      <symbol id="sm-b87">
         <name>ST7735_PlotBar</name>
         <value>0x4e25</value>
         <object_component_ref idref="oc-219"/>
      </symbol>
      <symbol id="sm-b88">
         <name>ST7735_Color565</name>
         <value>0x436d</value>
         <object_component_ref idref="oc-219"/>
      </symbol>
      <symbol id="sm-b89">
         <name>ST7735_DrawFastVLine</name>
         <value>0x4081</value>
         <object_component_ref idref="oc-219"/>
      </symbol>
      <symbol id="sm-b8a">
         <name>ST7735_DrawChar</name>
         <value>0x4739</value>
         <object_component_ref idref="oc-219"/>
      </symbol>
      <symbol id="sm-b8b">
         <name>ST7735_PlotPoints</name>
         <value>0x4d4f</value>
         <object_component_ref idref="oc-219"/>
      </symbol>
      <symbol id="sm-b8c">
         <name>Output_Init</name>
         <value>0x5033</value>
         <object_component_ref idref="oc-219"/>
      </symbol>
      <symbol id="sm-b8d">
         <name>ST7735_PlotNext</name>
         <value>0x4ec5</value>
         <object_component_ref idref="oc-219"/>
      </symbol>
      <symbol id="sm-b8e">
         <name>Output_Off</name>
         <value>0x504d</value>
         <object_component_ref idref="oc-219"/>
      </symbol>
      <symbol id="sm-b8f">
         <name>ST7735_OutChar</name>
         <value>0x4f19</value>
         <object_component_ref idref="oc-219"/>
      </symbol>
      <symbol id="sm-b90">
         <name>ST7735_SetTextColor</name>
         <value>0x4ff3</value>
         <object_component_ref idref="oc-219"/>
      </symbol>
      <symbol id="sm-b91">
         <name>ST7735_DrawCharS</name>
         <value>0x45c3</value>
         <object_component_ref idref="oc-219"/>
      </symbol>
      <symbol id="sm-b92">
         <name>Output_Color</name>
         <value>0x505d</value>
         <object_component_ref idref="oc-219"/>
      </symbol>
      <symbol id="sm-b93">
         <name>ST7735_FillScreen</name>
         <value>0x4221</value>
         <object_component_ref idref="oc-219"/>
      </symbol>
      <symbol id="sm-b94">
         <name>ferror</name>
         <value>0x5025</value>
         <object_component_ref idref="oc-219"/>
      </symbol>
      <symbol id="sm-b95">
         <name>ST7735_PlotdBfs</name>
         <value>0x4e7b</value>
         <object_component_ref idref="oc-219"/>
      </symbol>
      <symbol id="sm-b96">
         <name>ST7735_SetCursor</name>
         <value>0x496f</value>
         <object_component_ref idref="oc-219"/>
      </symbol>
      <symbol id="sm-b97">
         <name>StTextColor</name>
         <value>0x20003094</value>
         <object_component_ref idref="oc-2b8"/>
      </symbol>
      <symbol id="sm-b98">
         <name>ST7735_OutUDec</name>
         <value>0x4995</value>
         <object_component_ref idref="oc-219"/>
      </symbol>
      <symbol id="sm-b99">
         <name>fillmessage</name>
         <value>0x492d</value>
         <object_component_ref idref="oc-219"/>
      </symbol>
      <symbol id="sm-b9a">
         <name>ST7735_DrawPixel</name>
         <value>0x3ff3</value>
         <object_component_ref idref="oc-219"/>
      </symbol>
      <symbol id="sm-b9b">
         <name>StY</name>
         <value>0x20003090</value>
         <object_component_ref idref="oc-2b8"/>
      </symbol>
      <symbol id="sm-b9c">
         <name>StX</name>
         <value>0x2000308c</value>
         <object_component_ref idref="oc-2b8"/>
      </symbol>
      <symbol id="sm-b9d">
         <name>lastj</name>
         <value>0x2000309c</value>
         <object_component_ref idref="oc-2b8"/>
      </symbol>
      <symbol id="sm-b9e">
         <name>ST7735_PlotClear</name>
         <value>0x4af3</value>
         <object_component_ref idref="oc-219"/>
      </symbol>
      <symbol id="sm-b9f">
         <name>ST7735_PlotNextErase</name>
         <value>0x4edf</value>
         <object_component_ref idref="oc-219"/>
      </symbol>
      <symbol id="sm-ba0">
         <name>ST7735_DrawBitmap</name>
         <value>0x43c7</value>
         <object_component_ref idref="oc-219"/>
      </symbol>
      <symbol id="sm-ba1">
         <name>dBfs</name>
         <value>0xa207</value>
         <object_component_ref idref="oc-2cf"/>
      </symbol>
      <symbol id="sm-ba2">
         <name>ST7735_SetRotation</name>
         <value>0x4a11</value>
         <object_component_ref idref="oc-219"/>
      </symbol>
      <symbol id="sm-ba3">
         <name>ST7735_SwapColor</name>
         <value>0x43a1</value>
         <object_component_ref idref="oc-219"/>
      </symbol>
      <symbol id="sm-ba4">
         <name>ST7735_PlotLine</name>
         <value>0x4c15</value>
         <object_component_ref idref="oc-219"/>
      </symbol>
      <symbol id="sm-ba5">
         <name>ST7735_DrawString</name>
         <value>0x48a9</value>
         <object_component_ref idref="oc-219"/>
      </symbol>
      <symbol id="sm-ba6">
         <name>ST7735_FillRect</name>
         <value>0x4259</value>
         <object_component_ref idref="oc-219"/>
      </symbol>
      <symbol id="sm-ba7">
         <name>ST7735_PlotPoint</name>
         <value>0x4b4f</value>
         <object_component_ref idref="oc-219"/>
      </symbol>
      <symbol id="sm-ba8">
         <name>fputc</name>
         <value>0x5007</value>
         <object_component_ref idref="oc-219"/>
      </symbol>
      <symbol id="sm-ba9">
         <name>fgetc</name>
         <value>0x5019</value>
         <object_component_ref idref="oc-219"/>
      </symbol>
      <symbol id="sm-baa">
         <name>ST7735_InvertDisplay</name>
         <value>0x4adb</value>
         <object_component_ref idref="oc-219"/>
      </symbol>
      <symbol id="sm-bab">
         <name>ST7735_DrawFastHLine</name>
         <value>0x416d</value>
         <object_component_ref idref="oc-219"/>
      </symbol>
      <symbol id="sm-bac">
         <name>ST7735_OutString</name>
         <value>0x4fd5</value>
         <object_component_ref idref="oc-219"/>
      </symbol>
      <symbol id="sm-bc7">
         <name>valueString</name>
         <value>0x20002de8</value>
      </symbol>
      <symbol id="sm-bc8">
         <name>us_g_CurrentColor</name>
         <value>0x200030f8</value>
         <object_component_ref idref="oc-2df"/>
      </symbol>
      <symbol id="sm-bc9">
         <name>LCD_Init</name>
         <value>0x9881</value>
         <object_component_ref idref="oc-225"/>
      </symbol>
      <symbol id="sm-bca">
         <name>ST7735_Message</name>
         <value>0x989d</value>
         <object_component_ref idref="oc-225"/>
      </symbol>
      <symbol id="sm-bcb">
         <name>ST7735x_SetCurrentDefaultColor</name>
         <value>0x9889</value>
         <object_component_ref idref="oc-225"/>
      </symbol>
      <symbol id="sm-c23">
         <name>ADCvalue</name>
         <value>0x20002df4</value>
      </symbol>
      <symbol id="sm-c24">
         <name>error</name>
         <value>0x7ad9</value>
         <object_component_ref idref="oc-3e"/>
      </symbol>
      <symbol id="sm-c25">
         <name>_ADC_Collect</name>
         <value>0x7db3</value>
         <object_component_ref idref="oc-3e"/>
      </symbol>
      <symbol id="sm-c26">
         <name>ADC0Seq3_Handler</name>
         <value>0x7e91</value>
         <object_component_ref idref="oc-3e"/>
      </symbol>
      <symbol id="sm-c27">
         <name>_ADC_Open</name>
         <value>0x7ae7</value>
         <object_component_ref idref="oc-3e"/>
      </symbol>
      <symbol id="sm-c28">
         <name>ADCIsr</name>
         <value>0x200030bc</value>
         <object_component_ref idref="oc-dc"/>
      </symbol>
      <symbol id="sm-c29">
         <name>_ADC_In</name>
         <value>0x7eb5</value>
         <object_component_ref idref="oc-3e"/>
      </symbol>
      <symbol id="sm-c47">
         <name>Timer3Task</name>
         <value>0x20002e24</value>
      </symbol>
      <symbol id="sm-c48">
         <name>Timer3A_Handler</name>
         <value>0x9601</value>
         <object_component_ref idref="oc-56"/>
      </symbol>
      <symbol id="sm-c49">
         <name>Timer3_Init</name>
         <value>0x9599</value>
         <object_component_ref idref="oc-56"/>
      </symbol>
      <symbol id="sm-c64">
         <name>Timer2Task</name>
         <value>0x20002e20</value>
      </symbol>
      <symbol id="sm-c65">
         <name>Timer2A_Handler</name>
         <value>0x955b</value>
         <object_component_ref idref="oc-4a"/>
      </symbol>
      <symbol id="sm-c66">
         <name>OverflowManager_Init</name>
         <value>0x94f1</value>
         <object_component_ref idref="oc-4a"/>
      </symbol>
      <symbol id="sm-c9b">
         <name>PortFEdge_SetFunction1</name>
         <value>0x8e79</value>
         <object_component_ref idref="oc-50"/>
      </symbol>
      <symbol id="sm-c9c">
         <name>PortFEdge_SetFunction2</name>
         <value>0x8e89</value>
         <object_component_ref idref="oc-50"/>
      </symbol>
      <symbol id="sm-c9d">
         <name>PortFEdge_Init</name>
         <value>0x8ddd</value>
         <object_component_ref idref="oc-50"/>
      </symbol>
      <symbol id="sm-c9e">
         <name>SW1Task</name>
         <value>0x200030a0</value>
         <object_component_ref idref="oc-f6"/>
      </symbol>
      <symbol id="sm-c9f">
         <name>SW2Task</name>
         <value>0x200030a4</value>
         <object_component_ref idref="oc-f6"/>
      </symbol>
      <symbol id="sm-ca0">
         <name>SwitchInitialized</name>
         <value>0x200030a8</value>
         <object_component_ref idref="oc-f6"/>
      </symbol>
      <symbol id="sm-ca1">
         <name>FallingEdges</name>
         <value>0x200030ac</value>
         <object_component_ref idref="oc-f6"/>
      </symbol>
      <symbol id="sm-ca2">
         <name>PortFEdge_GetInitState</name>
         <value>0x8e99</value>
         <object_component_ref idref="oc-50"/>
      </symbol>
      <symbol id="sm-ca3">
         <name>GPIOPortF_Handler</name>
         <value>0x8e9f</value>
         <object_component_ref idref="oc-50"/>
      </symbol>
      <symbol id="sm-cc7">
         <name>ThreadCount</name>
         <value>0x200030e8</value>
         <object_component_ref idref="oc-268"/>
      </symbol>
      <symbol id="sm-cc8">
         <name>OS_AddSW1Task</name>
         <value>0x9473</value>
         <object_component_ref idref="oc-1c9"/>
      </symbol>
      <symbol id="sm-cc9">
         <name>_OS_InitializePortF</name>
         <value>0x94d3</value>
         <object_component_ref idref="oc-1c9"/>
      </symbol>
      <symbol id="sm-cca">
         <name>PeriodicThread1InUse</name>
         <value>0x200030ed</value>
         <object_component_ref idref="oc-268"/>
      </symbol>
      <symbol id="sm-ccb">
         <name>PeriodicThread2InUse</name>
         <value>0x200030ee</value>
         <object_component_ref idref="oc-268"/>
      </symbol>
      <symbol id="sm-ccc">
         <name>NumberOfPeriodicThreads</name>
         <value>0x200030ec</value>
         <object_component_ref idref="oc-268"/>
      </symbol>
      <symbol id="sm-ccd">
         <name>OS_AddPeriodicThread</name>
         <value>0x942d</value>
         <object_component_ref idref="oc-1c9"/>
      </symbol>
      <symbol id="sm-cce">
         <name>OS_AddSW2Task</name>
         <value>0x94a3</value>
         <object_component_ref idref="oc-1c9"/>
      </symbol>
      <symbol id="sm-ce0">
         <name>_c_int00</name>
         <value>0x9a55</value>
         <object_component_ref idref="oc-24"/>
      </symbol>
      <symbol id="sm-ce1">
         <name>__stack</name>
         <value>0x20002e4c</value>
         <object_component_ref idref="oc-29"/>
      </symbol>
      <symbol id="sm-cf8">
         <name>__TI_decompress_none</name>
         <value>0x9ce9</value>
         <object_component_ref idref="oc-12"/>
      </symbol>
      <symbol id="sm-d1b">
         <name>__TI_decompress_rle24</name>
         <value>0x9d03</value>
         <object_component_ref idref="oc-18"/>
      </symbol>
      <symbol id="sm-d2d">
         <name>__TI_zero_init</name>
         <value>0x9cf7</value>
         <object_component_ref idref="oc-1e"/>
      </symbol>
      <symbol id="sm-d4c">
         <name>C$$EXIT</name>
         <value>0x9b35</value>
         <object_component_ref idref="oc-9c"/>
      </symbol>
      <symbol id="sm-d4d">
         <name>abort</name>
         <value>0x9b39</value>
         <object_component_ref idref="oc-9c"/>
      </symbol>
      <symbol id="sm-d4e">
         <name>exit</name>
         <value>0x9b41</value>
         <object_component_ref idref="oc-9c"/>
      </symbol>
      <symbol id="sm-d4f">
         <name>__TI_dtors_ptr</name>
         <value>0x200030e4</value>
         <object_component_ref idref="oc-140"/>
      </symbol>
      <symbol id="sm-d50">
         <name>__TI_cleanup_ptr</name>
         <value>0x200030e0</value>
         <object_component_ref idref="oc-140"/>
      </symbol>
      <symbol id="sm-d5d">
         <name>__aeabi_lmul</name>
         <value>0x9c7d</value>
         <object_component_ref idref="oc-e9"/>
      </symbol>
      <symbol id="sm-d78">
         <name>memcpy</name>
         <value>0x963d</value>
         <object_component_ref idref="oc-65"/>
      </symbol>
      <symbol id="sm-d79">
         <name>__aeabi_memcpy</name>
         <value>0x963d</value>
         <object_component_ref idref="oc-65"/>
      </symbol>
      <symbol id="sm-d7a">
         <name>__aeabi_memcpy8</name>
         <value>0x963d</value>
         <object_component_ref idref="oc-65"/>
      </symbol>
      <symbol id="sm-d7b">
         <name>__aeabi_memcpy4</name>
         <value>0x963d</value>
         <object_component_ref idref="oc-65"/>
      </symbol>
      <symbol id="sm-df2">
         <name>_sys_memory</name>
         <value>0x20003100</value>
         <object_component_ref idref="oc-2a"/>
      </symbol>
      <symbol id="sm-df3">
         <name>free</name>
         <value>0x8037</value>
         <object_component_ref idref="oc-279"/>
      </symbol>
      <symbol id="sm-df4">
         <name>realloc</name>
         <value>0x80f9</value>
         <object_component_ref idref="oc-279"/>
      </symbol>
      <symbol id="sm-df5">
         <name>memalign</name>
         <value>0x8205</value>
         <object_component_ref idref="oc-279"/>
      </symbol>
      <symbol id="sm-df6">
         <name>calloc</name>
         <value>0x82e9</value>
         <object_component_ref idref="oc-279"/>
      </symbol>
      <symbol id="sm-df7">
         <name>malloc</name>
         <value>0x7fcf</value>
         <object_component_ref idref="oc-279"/>
      </symbol>
      <symbol id="sm-df8">
         <name>minit</name>
         <value>0x7f41</value>
         <object_component_ref idref="oc-279"/>
      </symbol>
      <symbol id="sm-e07">
         <name>__aeabi_memset</name>
         <value>0x9903</value>
         <object_component_ref idref="oc-7e"/>
      </symbol>
      <symbol id="sm-e08">
         <name>memset</name>
         <value>0x9909</value>
         <object_component_ref idref="oc-7e"/>
      </symbol>
      <symbol id="sm-e09">
         <name>__aeabi_memset8</name>
         <value>0x9903</value>
         <object_component_ref idref="oc-7e"/>
      </symbol>
      <symbol id="sm-e0a">
         <name>__aeabi_memset4</name>
         <value>0x9903</value>
         <object_component_ref idref="oc-7e"/>
      </symbol>
      <symbol id="sm-e0b">
         <name>__aeabi_memclr8</name>
         <value>0x9901</value>
         <object_component_ref idref="oc-7e"/>
      </symbol>
      <symbol id="sm-e0c">
         <name>__aeabi_memclr4</name>
         <value>0x9901</value>
         <object_component_ref idref="oc-7e"/>
      </symbol>
      <symbol id="sm-e0d">
         <name>__aeabi_memclr</name>
         <value>0x9901</value>
         <object_component_ref idref="oc-7e"/>
      </symbol>
      <symbol id="sm-e17">
         <name>_system_pre_init</name>
         <value>0x9d09</value>
         <object_component_ref idref="oc-8a"/>
      </symbol>
      <symbol id="sm-e1f">
         <name>main_func_sp</name>
         <value>0x200030f0</value>
         <object_component_ref idref="oc-a2"/>
      </symbol>
      <symbol id="sm-e2e">
         <name>strcmp</name>
         <value>0x9c95</value>
         <object_component_ref idref="oc-236"/>
      </symbol>
      <symbol id="sm-e3c">
         <name>strcpy</name>
         <value>0x9cc1</value>
         <object_component_ref idref="oc-273"/>
      </symbol>
      <symbol id="sm-e4a">
         <name>strlen</name>
         <value>0x9cd5</value>
         <object_component_ref idref="oc-2d9"/>
      </symbol>
      <symbol id="sm-e62">
         <name>strtok</name>
         <value>0x9b79</value>
         <object_component_ref idref="oc-26d"/>
      </symbol>
      <symbol id="sm-e8c">
         <name>__aeabi_uldivmod</name>
         <value>0x88f9</value>
         <object_component_ref idref="oc-18a"/>
      </symbol>
      <symbol id="sm-ea5">
         <name>_nop</name>
         <value>0x9cbb</value>
         <object_component_ref idref="oc-1dd"/>
      </symbol>
      <symbol id="sm-ea6">
         <name>_lock</name>
         <value>0x200030d8</value>
         <object_component_ref idref="oc-13d"/>
      </symbol>
      <symbol id="sm-ea7">
         <name>_unlock</name>
         <value>0x200030dc</value>
         <object_component_ref idref="oc-13d"/>
      </symbol>
      <symbol id="sm-ea8">
         <name>_register_lock</name>
         <value>0x9cb3</value>
         <object_component_ref idref="oc-1dd"/>
      </symbol>
      <symbol id="sm-ea9">
         <name>_register_unlock</name>
         <value>0x9cad</value>
         <object_component_ref idref="oc-1dd"/>
      </symbol>
      <symbol id="sm-ebe">
         <name>_args_main</name>
         <value>0x9c65</value>
         <object_component_ref idref="oc-96"/>
      </symbol>
      <symbol id="sm-ee4">
         <name>__TI_auto_init</name>
         <value>0x997d</value>
         <object_component_ref idref="oc-90"/>
      </symbol>
      <symbol id="sm-efe">
         <name>copy_in</name>
         <value>0x9aa5</value>
         <object_component_ref idref="oc-12d"/>
      </symbol>
      <symbol id="sm-f0f">
         <name>strcspn</name>
         <value>0x9c1f</value>
         <object_component_ref idref="oc-307"/>
      </symbol>
      <symbol id="sm-f21">
         <name>strspn</name>
         <value>0x9bf5</value>
         <object_component_ref idref="oc-301"/>
      </symbol>
      <symbol id="sm-f22">
         <name>__TI_static_base__</name>
         <value>0x0</value>
      </symbol>
      <symbol id="sm-f25">
         <name>SHT$$INIT_ARRAY$$Limit</name>
         <value>0x0</value>
      </symbol>
      <symbol id="sm-f26">
         <name>SHT$$INIT_ARRAY$$Base</name>
         <value>0x0</value>
      </symbol>
   </symbol_table>
   <title>Link successful</title>
</link_info>
